<html>
<body>
<pre>
<h1>µVision Build Log</h1>
<h2>Tool Versions:</h2>
IDE-Version: µVision V5.12.0.0
Copyright (C) 2014 ARM Ltd and ARM Germany GmbH. All rights reserved.
License Information: Shavinda De Silva, vivalnk, LIC=----
 
Tool Versions:
Toolchain:       MDK-Lite  Version: 5.12.0.0
Toolchain Path:  C:\Keil_v5\ARM\ARMCC\Bin
C Compiler:      Armcc.exe V5.05 (build 41)
Assembler:       Armasm.exe V5.05 (build 41)
Linker/Locator:  ArmLink.exe V5.05 (build 41)
Library Manager: ArmAr.exe V5.05 (build 41)
Hex Converter:   FromElf.exe V5.05 (build 41)
CPU DLL:         SARMCM3.DLL V5.12.0.0
Dialog DLL:      DARMCM1.DLL V1.11.00.0
    Target DLL: Segger\JL2CM3.dll
Dialog DLL:      TARMCM1.DLL V1.08.00.0
 
<h2>Project:</h2>
C:\Vivalnk Stuff\BLE Firmware\DA1458x_SDK_3.0.6\dk_apps\keil_projects\template - Edit\template_fh\fh_project_template.uvproj
Project File Date:  03/20/2015

<h2>Output:</h2>
Build target 'Full_emb_cortex_M0'
".\out\full_emb_sysram.axf" - 0 Error(s), 0 Warning(s).
</pre>
</body>
</html>
: warning:  #1215-D: #warning directive: "==============================================================> DEVELOPMENT_DEBUG is set!"
      #warning "==============================================================> DEVELOPMENT_DEBUG is set!"
..\..\..\src\plf\refip\src\arch\main\ble\arch_main.c: 1 warning, 0 errors
linking...
Program Size: Code=11172 RO-data=1000 RW-data=0 ZI-data=7120  
FromELF: creating hex file...
".\out\full_emb_sysram.axf" - 0 Error(s), 1 Warning(s).
- 0 Error(s), 1 Warning(s).
